C:\USERS\JP-DEV\DESKTOP\LAT\LAT\LIBGME_VS2012\WINDOWS\TEMPLATEPROJECT\DEBUG\VC110.PDB
C:\USERS\JP-DEV\DESKTOP\LAT\LAT\LIBGME_VS2012\WINDOWS\TEMPLATEPROJECT\DEBUG\MAIN.OBJ
C:\USERS\JP-DEV\DESKTOP\LAT\LAT\LIBGME_VS2012\WINDOWS\DEBUG\TEMPLATEPROJECT.ILK
C:\USERS\JP-DEV\DESKTOP\LAT\LAT\LIBGME_VS2012\WINDOWS\DEBUG\TEMPLATEPROJECT.EXE
C:\USERS\JP-DEV\DESKTOP\LAT\LAT\LIBGME_VS2012\WINDOWS\DEBUG\TEMPLATEPROJECT.PDB
C:\Users\jp-dev\Desktop\lat\lat\libgme_vs2012\windows\templateproject\Debug\main.obj
C:\Users\jp-dev\Desktop\lat\lat\libgme_vs2012\windows\templateproject\Debug\cl.command.1.tlog
C:\Users\jp-dev\Desktop\lat\lat\libgme_vs2012\windows\templateproject\Debug\CL.read.1.tlog
C:\Users\jp-dev\Desktop\lat\lat\libgme_vs2012\windows\templateproject\Debug\CL.write.1.tlog
C:\Users\jp-dev\Desktop\lat\lat\libgme_vs2012\windows\templateproject\Debug\link-cvtres.read.1.tlog
C:\Users\jp-dev\Desktop\lat\lat\libgme_vs2012\windows\templateproject\Debug\link-cvtres.write.1.tlog
C:\Users\jp-dev\Desktop\lat\lat\libgme_vs2012\windows\templateproject\Debug\link-rc.read.1.tlog
C:\Users\jp-dev\Desktop\lat\lat\libgme_vs2012\windows\templateproject\Debug\link-rc.write.1.tlog
C:\Users\jp-dev\Desktop\lat\lat\libgme_vs2012\windows\templateproject\Debug\link.command.1.tlog
C:\Users\jp-dev\Desktop\lat\lat\libgme_vs2012\windows\templateproject\Debug\link.read.1.tlog
C:\Users\jp-dev\Desktop\lat\lat\libgme_vs2012\windows\templateproject\Debug\link.write.1.tlog
C:\Users\jp-dev\Desktop\lat\lat\libgme_vs2012\windows\templateproject\Debug\vc110.idb
C:\Users\jp-dev\Desktop\lat\lat\libgme_vs2012\windows\templateproject\Debug\vc110.pdb
C:\Users\jp-dev\Desktop\lat\lat\libgme_vs2012\windows\Debug\templateproject.pdb
C:\Users\jp-dev\Desktop\lat\lat\libgme_vs2012\windows\Debug\templateproject.exe
C:\Users\jp-dev\Desktop\lat\lat\libgme_vs2012\windows\Debug\templateproject.ilk
