Build started 07/08/2022 0:55:04.
     1>Project "C:\bitbucket_clone\templateproject\windows\libs\libpng-1.6.37\projects\vstudio\pngunknown\pngunknown.vcxproj" on node 3 (Rebuild target(s)).
     1>ClCompile:
         C:\Program Files (x86)\Microsoft Visual Studio 11.0\VC\bin\CL.exe /c /I..\zlib /I..\..\..\scripts /Zi /nologo /Wall /WX /Od /Oi /Oy- /D WIN32 /D _DEBUG /D _CONSOLE /D PNG_USE_DLL /D _UNICODE /D UNICODE /GF /Gm- /EHsc /RTC1 /MDd /GS /Gy- /fp:precise /fp:except- /Zc:wchar_t /Zc:forScope /Fo"Debug\\" /Fd"Debug\vc110.pdb" /FR"Debug\\" /Gd /TC /wd4255 /wd4668 /wd4710 /wd4711 /wd4746 /wd4820 /wd4996 /analyze- /errorReport:prompt ..\..\..\contrib\libtests\pngunknown.c
         pngunknown.c
       Link:
         C:\Program Files (x86)\Microsoft Visual Studio 11.0\VC\bin\link.exe /ERRORREPORT:PROMPT /OUT:"C:\bitbucket_clone\templateproject\windows\libs\libpng-1.6.37\projects\vstudio\Debug\pngunknown.exe" /INCREMENTAL:NO /NOLOGO /LIBPATH:"C:\bitbucket_clone\templateproject\windows\libs\libpng-1.6.37\projects\vstudio\Debug\\" libpng16.lib /MANIFEST /MANIFESTUAC:"level='asInvoker' uiAccess='false'" /manifest:embed /DEBUG /PDB:"C:\bitbucket_clone\templateproject\windows\libs\libpng-1.6.37\projects\vstudio\Debug\pngunknown.pdb" /SUBSYSTEM:CONSOLE /TLBID:1 /DYNAMICBASE /NXCOMPAT /IMPLIB:"C:\bitbucket_clone\templateproject\windows\libs\libpng-1.6.37\projects\vstudio\Debug\pngunknown.lib" /MACHINE:X86 /SAFESEH Debug\pngunknown.obj
         pngunknown.vcxproj -> C:\bitbucket_clone\templateproject\windows\libs\libpng-1.6.37\projects\vstudio\Debug\pngunknown.exe
       BscMake:
         C:\Program Files (x86)\Microsoft Visual Studio 11.0\VC\bin\bscmake.exe /nologo /o"C:\bitbucket_clone\templateproject\windows\libs\libpng-1.6.37\projects\vstudio\Debug\pngunknown.bsc" Debug\pngunknown.sbr
       CustomBuildStep:
         "C:\bitbucket_clone\templateproject\windows\libs\libpng-1.6.37\projects\vstudio\Debug\pngunknown.exe" --strict --default --touch "Debug\pngunknown.out" ../../../pngtest.png
         :VCEnd
         PASS: C:\bitbucket_clone\templateproject\windows\libs\libpng-1.6.37\projects\vstudio\Debug\pngunknown.exe discard
         PASS: C:\bitbucket_clone\templateproject\windows\libs\libpng-1.6.37\projects\vstudio\Debug\pngunknown.exe save
         PASS: C:\bitbucket_clone\templateproject\windows\libs\libpng-1.6.37\projects\vstudio\Debug\pngunknown.exe if-safe
         PASS: C:\bitbucket_clone\templateproject\windows\libs\libpng-1.6.37\projects\vstudio\Debug\pngunknown.exe vpAg
         PASS: C:\bitbucket_clone\templateproject\windows\libs\libpng-1.6.37\projects\vstudio\Debug\pngunknown.exe sTER
         PASS: C:\bitbucket_clone\templateproject\windows\libs\libpng-1.6.37\projects\vstudio\Debug\pngunknown.exe IDAT
         PASS: C:\bitbucket_clone\templateproject\windows\libs\libpng-1.6.37\projects\vstudio\Debug\pngunknown.exe sAPI
     1>Done Building Project "C:\bitbucket_clone\templateproject\windows\libs\libpng-1.6.37\projects\vstudio\pngunknown\pngunknown.vcxproj" (Rebuild target(s)).

Build succeeded.

Time Elapsed 00:00:02.37
