Build started 07/08/2022 0:59:30.
     1>Project "C:\bitbucket_clone\templateproject\windows\libs\SDL2_image-2.0.5\VisualC\SDL_image.vcxproj" on node 2 (Rebuild target(s)).
     1>ClCompile:
         C:\Program Files (x86)\Microsoft Visual Studio 11.0\VC\bin\CL.exe /c /Iexternal\include /Z7 /nologo /W3 /WX- /Od /Oy- /D DLL_EXPORT /D _DEBUG /D WIN32 /D _WINDOWS /D USE_STBIMAGE /D LOAD_BMP /D LOAD_GIF /D LOAD_JPG /D LOAD_LBM /D LOAD_PCX /D LOAD_PNG /D LOAD_PNM /D LOAD_QOI /D LOAD_SVG /D LOAD_TGA /D LOAD_TIF /D "LOAD_TIF_DYNAMIC=\"libtiff-5.dll\"" /D LOAD_WEBP /D "LOAD_WEBP_DYNAMIC=\"libwebp-7.dll\"" /D LOAD_XCF /D LOAD_XPM /D LOAD_XV /D _VC80_UPGRADE=0x0600 /D _WINDLL /Gm- /EHsc /MD /GS /arch:SSE /fp:precise /Zc:wchar_t /Zc:forScope /Fo"Win32\Debug\\" /Fd"Win32\Debug\vc110.pdb" /Gd /TC /analyze- /errorReport:prompt ..\IMG.c ..\IMG_avif.c ..\IMG_bmp.c ..\IMG_gif.c ..\IMG_jpg.c ..\IMG_jxl.c ..\IMG_lbm.c ..\IMG_pcx.c ..\IMG_png.c ..\IMG_pnm.c ..\IMG_qoi.c ..\IMG_stb.c ..\IMG_svg.c ..\IMG_tga.c ..\IMG_tif.c ..\IMG_webp.c ..\IMG_WIC.c ..\IMG_xcf.c ..\IMG_xpm.c ..\IMG_xv.c ..\IMG_xxx.c
         IMG.c
         IMG_avif.c
         IMG_bmp.c
         IMG_gif.c
         IMG_jpg.c
         IMG_jxl.c
         IMG_lbm.c
         IMG_pcx.c
         IMG_png.c
         IMG_pnm.c
         IMG_qoi.c
         IMG_stb.c
     1>c:\bitbucket_clone\templateproject\windows\libs\sdl2_image-2.0.5\stb_image.h(4701): warning C4013: 'abs' undefined; assuming extern returning int
         IMG_svg.c
         IMG_tga.c
         IMG_tif.c
         IMG_webp.c
         IMG_WIC.c
         IMG_xcf.c
         IMG_xpm.c
         IMG_xv.c
         Generating Code...
         Compiling...
         IMG_xxx.c
         Generating Code...
       ResourceCompile:
         C:\Program Files (x86)\Windows Kits\8.0\bin\x86\rc.exe /D _DEBUG /D _VC80_UPGRADE=0x0600 /l"0x0409" /nologo /fo"Win32\Debug\Version.res" Version.rc 
       Link:
         C:\Program Files (x86)\Microsoft Visual Studio 11.0\VC\bin\link.exe /ERRORREPORT:PROMPT /OUT:"C:\bitbucket_clone\templateproject\windows\libs\SDL2_image-2.0.5\VisualC\\Win32\Debug\SDL2_image.dll" /NOLOGO SDL2.lib kernel32.lib user32.lib gdi32.lib winspool.lib comdlg32.lib advapi32.lib shell32.lib ole32.lib oleaut32.lib uuid.lib odbc32.lib odbccp32.lib /MANIFEST /MANIFESTUAC:"level='asInvoker' uiAccess='false'" /manifest:embed /DEBUG /PDB:"C:\bitbucket_clone\templateproject\windows\libs\SDL2_image-2.0.5\VisualC\\Win32\Debug\SDL2_image.pdb" /SUBSYSTEM:WINDOWS /TLBID:1 /DYNAMICBASE /NXCOMPAT /IMPLIB:"C:\bitbucket_clone\templateproject\windows\libs\SDL2_image-2.0.5\VisualC\\Win32\Debug\SDL2_image.lib" /MACHINE:X86 /SAFESEH /DLL Win32\Debug\Version.res
         Win32\Debug\IMG.obj
         Win32\Debug\IMG_avif.obj
         Win32\Debug\IMG_bmp.obj
         Win32\Debug\IMG_gif.obj
         Win32\Debug\IMG_jpg.obj
         Win32\Debug\IMG_jxl.obj
         Win32\Debug\IMG_lbm.obj
         Win32\Debug\IMG_pcx.obj
         Win32\Debug\IMG_png.obj
         Win32\Debug\IMG_pnm.obj
         Win32\Debug\IMG_qoi.obj
         Win32\Debug\IMG_stb.obj
         Win32\Debug\IMG_svg.obj
         Win32\Debug\IMG_tga.obj
         Win32\Debug\IMG_tif.obj
         Win32\Debug\IMG_webp.obj
         Win32\Debug\IMG_WIC.obj
         Win32\Debug\IMG_xcf.obj
         Win32\Debug\IMG_xpm.obj
         Win32\Debug\IMG_xv.obj
         Win32\Debug\IMG_xxx.obj
            Creating library C:\bitbucket_clone\templateproject\windows\libs\SDL2_image-2.0.5\VisualC\\Win32\Debug\SDL2_image.lib and object C:\bitbucket_clone\templateproject\windows\libs\SDL2_image-2.0.5\VisualC\\Win32\Debug\SDL2_image.exp
         SDL_image.vcxproj -> C:\bitbucket_clone\templateproject\windows\libs\SDL2_image-2.0.5\VisualC\\Win32\Debug\SDL2_image.dll
     1>Done Building Project "C:\bitbucket_clone\templateproject\windows\libs\SDL2_image-2.0.5\VisualC\SDL_image.vcxproj" (Rebuild target(s)).

Build succeeded.

Time Elapsed 00:00:04.48
