Build started 07/08/2022 22:35:40.
     1>Project "C:\bitbucket_clone\templateproject\windows\libs\SDL2-2.0.14\VisualC\SDL\SDL.vcxproj" on node 2 (Rebuild target(s)).
     1>ClCompile:
         C:\Program Files (x86)\Microsoft Visual Studio 11.0\VC\bin\CL.exe /c /I"C:\bitbucket_clone\templateproject\windows\libs\SDL2-2.0.14\VisualC\SDL\/../../include" /Z7 /nologo /W3 /WX- /Od /Ob1 /Oy- /D DLL_EXPORT /D _DEBUG /D _WINDOWS /D _VC80_UPGRADE=0x0700 /D _WINDLL /Gm- /EHsc /MD /GS- /arch:SSE /fp:precise /Zc:wchar_t /Zc:forScope /Fo"Win32\Debug\\" /Fd"Win32\Debug\vc110.pdb" /Gd /TC /analyze- /Zl /errorReport:prompt ..\..\src\atomic\SDL_atomic.c ..\..\src\atomic\SDL_spinlock.c ..\..\src\audio\directsound\SDL_directsound.c ..\..\src\audio\disk\SDL_diskaudio.c ..\..\src\audio\dummy\SDL_dummyaudio.c ..\..\src\audio\SDL_audio.c ..\..\src\audio\SDL_audiocvt.c ..\..\src\audio\SDL_audiodev.c ..\..\src\audio\SDL_audiotypecvt.c ..\..\src\audio\SDL_mixer.c ..\..\src\audio\SDL_wave.c ..\..\src\audio\winmm\SDL_winmm.c ..\..\src\audio\wasapi\SDL_wasapi.c ..\..\src\audio\wasapi\SDL_wasapi_win32.c ..\..\src\core\windows\SDL_hid.c ..\..\src\core\windows\SDL_windows.c ..\..\src\core\windows\SDL_xinput.c ..\..\src\cpuinfo\SDL_cpuinfo.c ..\..\src\dynapi\SDL_dynapi.c ..\..\src\events\SDL_clipboardevents.c ..\..\src\events\SDL_displayevents.c ..\..\src\events\SDL_dropevents.c ..\..\src\events\SDL_events.c ..\..\src\events\SDL_gesture.c ..\..\src\events\SDL_keyboard.c ..\..\src\events\SDL_mouse.c ..\..\src\events\SDL_quit.c ..\..\src\events\SDL_touch.c ..\..\src\events\SDL_windowevents.c ..\..\src\file\SDL_rwops.c ..\..\src\filesystem\windows\SDL_sysfilesystem.c ..\..\src\haptic\dummy\SDL_syshaptic.c ..\..\src\haptic\SDL_haptic.c ..\..\src\haptic\windows\SDL_dinputhaptic.c ..\..\src\haptic\windows\SDL_windowshaptic.c ..\..\src\haptic\windows\SDL_xinputhaptic.c ..\..\src\hidapi\SDL_hidapi.c ..\..\src\joystick\dummy\SDL_sysjoystick.c ..\..\src\joystick\hidapi\SDL_hidapijoystick.c ..\..\src\joystick\hidapi\SDL_hidapi_gamecube.c ..\..\src\joystick\hidapi\SDL_hidapi_ps4.c ..\..\src\joystick\hidapi\SDL_hidapi_ps5.c ..\..\src\joystick\hidapi\SDL_hidapi_rumble.c ..\..\src\joystick\hidapi\SDL_hidapi_switch.c ..\..\src\joystick\hidapi\SDL_hidapi_xbox360.c ..\..\src\joystick\hidapi\SDL_hidapi_xbox360w.c ..\..\src\joystick\hidapi\SDL_hidapi_xboxone.c ..\..\src\joystick\SDL_gamecontroller.c ..\..\src\joystick\SDL_joystick.c ..\..\src\joystick\virtual\SDL_virtualjoystick.c ..\..\src\joystick\windows\SDL_dinputjoystick.c ..\..\src\joystick\windows\SDL_mmjoystick.c ..\..\src\joystick\windows\SDL_rawinputjoystick.c ..\..\src\joystick\windows\SDL_windowsjoystick.c ..\..\src\joystick\windows\SDL_windows_gaming_input.c ..\..\src\joystick\windows\SDL_xinputjoystick.c ..\..\src\libm\e_atan2.c ..\..\src\libm\e_exp.c ..\..\src\libm\e_fmod.c ..\..\src\libm\e_log.c ..\..\src\libm\e_log10.c ..\..\src\libm\e_pow.c ..\..\src\libm\e_rem_pio2.c ..\..\src\libm\e_sqrt.c ..\..\src\libm\k_cos.c ..\..\src\libm\k_rem_pio2.c ..\..\src\libm\k_sin.c ..\..\src\libm\k_tan.c ..\..\src\libm\s_atan.c ..\..\src\libm\s_copysign.c ..\..\src\libm\s_cos.c ..\..\src\libm\s_fabs.c ..\..\src\libm\s_floor.c ..\..\src\libm\s_scalbn.c ..\..\src\libm\s_sin.c ..\..\src\libm\s_tan.c ..\..\src\loadso\windows\SDL_sysloadso.c ..\..\src\locale\SDL_locale.c ..\..\src\locale\windows\SDL_syslocale.c ..\..\src\misc\SDL_url.c ..\..\src\misc\windows\SDL_sysurl.c ..\..\src\power\SDL_power.c ..\..\src\power\windows\SDL_syspower.c ..\..\src\render\direct3d11\SDL_shaders_d3d11.c ..\..\src\render\direct3d\SDL_render_d3d.c ..\..\src\render\direct3d11\SDL_render_d3d11.c ..\..\src\render\direct3d\SDL_shaders_d3d.c ..\..\src\render\opengl\SDL_render_gl.c ..\..\src\render\opengl\SDL_shaders_gl.c ..\..\src\render\opengles2\SDL_render_gles2.c ..\..\src\render\opengles2\SDL_shaders_gles2.c ..\..\src\render\SDL_d3dmath.c ..\..\src\render\SDL_render.c ..\..\src\render\SDL_yuv_sw.c ..\..\src\render\software\SDL_blendfillrect.c ..\..\src\render\software\SDL_blendline.c ..\..\src\render\software\SDL_blendpoint.c ..\..\src\render\software\SDL_drawline.c ..\..\src\render\software\SDL_drawpoint.c ..\..\src\render\software\SDL_render_sw.c ..\..\src\render\software\SDL_rotate.c ..\..\src\SDL.c ..\..\src\SDL_assert.c ..\..\src\SDL_dataqueue.c ..\..\src\SDL_error.c ..\..\src\SDL_hints.c ..\..\src\SDL_log.c ..\..\src\sensor\dummy\SDL_dummysensor.c ..\..\src\sensor\SDL_sensor.c ..\..\src\sensor\windows\SDL_windowssensor.c ..\..\src\stdlib\SDL_crc32.c ..\..\src\stdlib\SDL_getenv.c ..\..\src\stdlib\SDL_iconv.c ..\..\src\stdlib\SDL_malloc.c ..\..\src\stdlib\SDL_qsort.c ..\..\src\stdlib\SDL_stdlib.c ..\..\src\stdlib\SDL_string.c ..\..\src\stdlib\SDL_strtokr.c ..\..\src\thread\generic\SDL_syscond.c ..\..\src\thread\SDL_thread.c ..\..\src\thread\windows\SDL_sysmutex.c ..\..\src\thread\windows\SDL_syssem.c ..\..\src\thread\windows\SDL_systhread.c ..\..\src\thread\windows\SDL_systls.c ..\..\src\timer\SDL_timer.c ..\..\src\timer\windows\SDL_systimer.c ..\..\src\video\dummy\SDL_nullevents.c ..\..\src\video\dummy\SDL_nullframebuffer.c ..\..\src\video\dummy\SDL_nullvideo.c ..\..\src\video\SDL_blit.c ..\..\src\video\SDL_blit_0.c ..\..\src\video\SDL_blit_1.c ..\..\src\video\SDL_blit_A.c ..\..\src\video\SDL_blit_auto.c ..\..\src\video\SDL_blit_copy.c ..\..\src\video\SDL_blit_N.c ..\..\src\video\SDL_blit_slow.c ..\..\src\video\SDL_bmp.c ..\..\src\video\SDL_clipboard.c ..\..\src\video\SDL_egl.c ..\..\src\video\SDL_fillrect.c ..\..\src\video\SDL_pixels.c ..\..\src\video\SDL_rect.c ..\..\src\video\SDL_RLEaccel.c ..\..\src\video\SDL_shape.c ..\..\src\video\SDL_stretch.c ..\..\src\video\SDL_surface.c ..\..\src\video\SDL_video.c ..\..\src\video\SDL_vulkan_utils.c ..\..\src\video\SDL_yuv.c ..\..\src\video\windows\SDL_windowsclipboard.c ..\..\src\video\windows\SDL_windowsevents.c ..\..\src\video\windows\SDL_windowsframebuffer.c ..\..\src\video\windows\SDL_windowskeyboard.c ..\..\src\video\windows\SDL_windowsmessagebox.c ..\..\src\video\windows\SDL_windowsmodes.c ..\..\src\video\windows\SDL_windowsmouse.c ..\..\src\video\windows\SDL_windowsopengl.c ..\..\src\video\windows\SDL_windowsopengles.c ..\..\src\video\windows\SDL_windowsshape.c ..\..\src\video\windows\SDL_windowsvideo.c ..\..\src\video\windows\SDL_windowsvulkan.c ..\..\src\video\windows\SDL_windowswindow.c ..\..\src\video\yuv2rgb\yuv_rgb.c
         SDL_atomic.c
         SDL_spinlock.c
         SDL_directsound.c
         SDL_diskaudio.c
         SDL_dummyaudio.c
         SDL_audio.c
         SDL_audiocvt.c
         SDL_audiodev.c
         SDL_audiotypecvt.c
         SDL_mixer.c
         SDL_wave.c
         SDL_winmm.c
         SDL_wasapi.c
         SDL_wasapi_win32.c
         SDL_hid.c
         SDL_windows.c
         SDL_xinput.c
         SDL_cpuinfo.c
         SDL_dynapi.c
         SDL_clipboardevents.c
         Generating Code...
         Compiling...
         SDL_displayevents.c
         SDL_dropevents.c
         SDL_events.c
         SDL_gesture.c
         SDL_keyboard.c
         SDL_mouse.c
         SDL_quit.c
         SDL_touch.c
         SDL_windowevents.c
         SDL_rwops.c
         SDL_sysfilesystem.c
         SDL_syshaptic.c
         SDL_haptic.c
         SDL_dinputhaptic.c
         SDL_windowshaptic.c
         SDL_xinputhaptic.c
         SDL_hidapi.c
         SDL_sysjoystick.c
         SDL_hidapijoystick.c
         SDL_hidapi_gamecube.c
         Generating Code...
         Compiling...
         SDL_hidapi_ps4.c
         SDL_hidapi_ps5.c
         SDL_hidapi_rumble.c
         SDL_hidapi_switch.c
         SDL_hidapi_xbox360.c
         SDL_hidapi_xbox360w.c
         SDL_hidapi_xboxone.c
         SDL_gamecontroller.c
         SDL_joystick.c
         SDL_virtualjoystick.c
         SDL_dinputjoystick.c
         SDL_mmjoystick.c
         SDL_rawinputjoystick.c
         SDL_windowsjoystick.c
         SDL_windows_gaming_input.c
         SDL_xinputjoystick.c
         e_atan2.c
         e_exp.c
         e_fmod.c
         e_log.c
         Generating Code...
         Compiling...
         e_log10.c
         e_pow.c
         e_rem_pio2.c
         e_sqrt.c
         k_cos.c
         k_rem_pio2.c
         k_sin.c
         k_tan.c
         s_atan.c
         s_copysign.c
         s_cos.c
         s_fabs.c
         s_floor.c
         s_scalbn.c
         s_sin.c
         s_tan.c
         SDL_sysloadso.c
         SDL_locale.c
         SDL_syslocale.c
         SDL_url.c
         Generating Code...
         Compiling...
         SDL_sysurl.c
         SDL_power.c
         SDL_syspower.c
         SDL_shaders_d3d11.c
         SDL_render_d3d.c
         SDL_render_d3d11.c
         SDL_shaders_d3d.c
         SDL_render_gl.c
         SDL_shaders_gl.c
         SDL_render_gles2.c
         SDL_shaders_gles2.c
         SDL_d3dmath.c
         SDL_render.c
         SDL_yuv_sw.c
         SDL_blendfillrect.c
         SDL_blendline.c
         SDL_blendpoint.c
         SDL_drawline.c
         SDL_drawpoint.c
         SDL_render_sw.c
         Generating Code...
         Compiling...
         SDL_rotate.c
         SDL.c
         SDL_assert.c
         SDL_dataqueue.c
         SDL_error.c
         SDL_hints.c
         SDL_log.c
         SDL_dummysensor.c
         SDL_sensor.c
         SDL_windowssensor.c
         SDL_crc32.c
         SDL_getenv.c
         SDL_iconv.c
         SDL_malloc.c
         SDL_qsort.c
         SDL_stdlib.c
         SDL_string.c
         SDL_strtokr.c
         SDL_syscond.c
         SDL_thread.c
         Generating Code...
         Compiling...
         SDL_sysmutex.c
         SDL_syssem.c
         SDL_systhread.c
         SDL_systls.c
         SDL_timer.c
         SDL_systimer.c
         SDL_nullevents.c
         SDL_nullframebuffer.c
         SDL_nullvideo.c
         SDL_blit.c
         SDL_blit_0.c
         SDL_blit_1.c
         SDL_blit_A.c
         SDL_blit_auto.c
         SDL_blit_copy.c
         SDL_blit_N.c
         SDL_blit_slow.c
         SDL_bmp.c
         SDL_clipboard.c
         SDL_egl.c
         Generating Code...
         Compiling...
         SDL_fillrect.c
         SDL_pixels.c
         SDL_rect.c
         SDL_RLEaccel.c
         SDL_shape.c
         SDL_stretch.c
         SDL_surface.c
         SDL_video.c
         SDL_vulkan_utils.c
         SDL_yuv.c
         SDL_windowsclipboard.c
         SDL_windowsevents.c
         SDL_windowsframebuffer.c
         SDL_windowskeyboard.c
         SDL_windowsmessagebox.c
         SDL_windowsmodes.c
         SDL_windowsmouse.c
         SDL_windowsopengl.c
         SDL_windowsopengles.c
         SDL_windowsshape.c
         Generating Code...
         Compiling...
         SDL_windowsvideo.c
         SDL_windowsvulkan.c
         SDL_windowswindow.c
         yuv_rgb.c
         Generating Code...
       ResourceCompile:
         C:\Program Files (x86)\Windows Kits\8.0\bin\x86\rc.exe /D _DEBUG /D _VC80_UPGRADE=0x0700 /l"0x0409" /nologo /fo"Win32\Debug\version.res" ..\..\src\main\windows\version.rc 
       Link:
         C:\Program Files (x86)\Microsoft Visual Studio 11.0\VC\bin\link.exe /ERRORREPORT:PROMPT /OUT:"C:\bitbucket_clone\templateproject\windows\libs\SDL2-2.0.14\VisualC\Win32\Debug\SDL2.dll" /NOLOGO setupapi.lib winmm.lib imm32.lib version.lib kernel32.lib user32.lib gdi32.lib winspool.lib comdlg32.lib advapi32.lib shell32.lib ole32.lib oleaut32.lib uuid.lib odbc32.lib odbccp32.lib /NODEFAULTLIB /MANIFEST /MANIFESTUAC:"level='asInvoker' uiAccess='false'" /manifest:embed /DEBUG /PDB:"C:\bitbucket_clone\templateproject\windows\libs\SDL2-2.0.14\VisualC\Win32\Debug\SDL2.pdb" /SUBSYSTEM:WINDOWS /TLBID:1 /DYNAMICBASE /NXCOMPAT /IMPLIB:"C:\bitbucket_clone\templateproject\windows\libs\SDL2-2.0.14\VisualC\Win32\Debug\SDL2.lib" /MACHINE:X86 /SAFESEH /DLL Win32\Debug\version.res
         Win32\Debug\SDL_atomic.obj
         Win32\Debug\SDL_spinlock.obj
         Win32\Debug\SDL_directsound.obj
         Win32\Debug\SDL_diskaudio.obj
         Win32\Debug\SDL_dummyaudio.obj
         Win32\Debug\SDL_audio.obj
         Win32\Debug\SDL_audiocvt.obj
         Win32\Debug\SDL_audiodev.obj
         Win32\Debug\SDL_audiotypecvt.obj
         Win32\Debug\SDL_mixer.obj
         Win32\Debug\SDL_wave.obj
         Win32\Debug\SDL_winmm.obj
         Win32\Debug\SDL_wasapi.obj
         Win32\Debug\SDL_wasapi_win32.obj
         Win32\Debug\SDL_hid.obj
         Win32\Debug\SDL_windows.obj
         Win32\Debug\SDL_xinput.obj
         Win32\Debug\SDL_cpuinfo.obj
         Win32\Debug\SDL_dynapi.obj
         Win32\Debug\SDL_clipboardevents.obj
         Win32\Debug\SDL_displayevents.obj
         Win32\Debug\SDL_dropevents.obj
         Win32\Debug\SDL_events.obj
         Win32\Debug\SDL_gesture.obj
         Win32\Debug\SDL_keyboard.obj
         Win32\Debug\SDL_mouse.obj
         Win32\Debug\SDL_quit.obj
         Win32\Debug\SDL_touch.obj
         Win32\Debug\SDL_windowevents.obj
         Win32\Debug\SDL_rwops.obj
         Win32\Debug\SDL_sysfilesystem.obj
         Win32\Debug\SDL_syshaptic.obj
         Win32\Debug\SDL_haptic.obj
         Win32\Debug\SDL_dinputhaptic.obj
         Win32\Debug\SDL_windowshaptic.obj
         Win32\Debug\SDL_xinputhaptic.obj
         Win32\Debug\SDL_hidapi.obj
         Win32\Debug\SDL_sysjoystick.obj
         Win32\Debug\SDL_hidapijoystick.obj
         Win32\Debug\SDL_hidapi_gamecube.obj
         Win32\Debug\SDL_hidapi_ps4.obj
         Win32\Debug\SDL_hidapi_ps5.obj
         Win32\Debug\SDL_hidapi_rumble.obj
         Win32\Debug\SDL_hidapi_switch.obj
         Win32\Debug\SDL_hidapi_xbox360.obj
         Win32\Debug\SDL_hidapi_xbox360w.obj
         Win32\Debug\SDL_hidapi_xboxone.obj
         Win32\Debug\SDL_gamecontroller.obj
         Win32\Debug\SDL_joystick.obj
         Win32\Debug\SDL_virtualjoystick.obj
         Win32\Debug\SDL_dinputjoystick.obj
         Win32\Debug\SDL_mmjoystick.obj
         Win32\Debug\SDL_rawinputjoystick.obj
         Win32\Debug\SDL_windowsjoystick.obj
         Win32\Debug\SDL_windows_gaming_input.obj
         Win32\Debug\SDL_xinputjoystick.obj
         Win32\Debug\e_atan2.obj
         Win32\Debug\e_exp.obj
         Win32\Debug\e_fmod.obj
         Win32\Debug\e_log.obj
         Win32\Debug\e_log10.obj
         Win32\Debug\e_pow.obj
         Win32\Debug\e_rem_pio2.obj
         Win32\Debug\e_sqrt.obj
         Win32\Debug\k_cos.obj
         Win32\Debug\k_rem_pio2.obj
         Win32\Debug\k_sin.obj
         Win32\Debug\k_tan.obj
         Win32\Debug\s_atan.obj
         Win32\Debug\s_copysign.obj
         Win32\Debug\s_cos.obj
         Win32\Debug\s_fabs.obj
         Win32\Debug\s_floor.obj
         Win32\Debug\s_scalbn.obj
         Win32\Debug\s_sin.obj
         Win32\Debug\s_tan.obj
         Win32\Debug\SDL_sysloadso.obj
         Win32\Debug\SDL_locale.obj
         Win32\Debug\SDL_syslocale.obj
         Win32\Debug\SDL_url.obj
         Win32\Debug\SDL_sysurl.obj
         Win32\Debug\SDL_power.obj
         Win32\Debug\SDL_syspower.obj
         Win32\Debug\SDL_shaders_d3d11.obj
         Win32\Debug\SDL_render_d3d.obj
         Win32\Debug\SDL_render_d3d11.obj
         Win32\Debug\SDL_shaders_d3d.obj
         Win32\Debug\SDL_render_gl.obj
         Win32\Debug\SDL_shaders_gl.obj
         Win32\Debug\SDL_render_gles2.obj
         Win32\Debug\SDL_shaders_gles2.obj
         Win32\Debug\SDL_d3dmath.obj
         Win32\Debug\SDL_render.obj
         Win32\Debug\SDL_yuv_sw.obj
         Win32\Debug\SDL_blendfillrect.obj
         Win32\Debug\SDL_blendline.obj
         Win32\Debug\SDL_blendpoint.obj
         Win32\Debug\SDL_drawline.obj
         Win32\Debug\SDL_drawpoint.obj
         Win32\Debug\SDL_render_sw.obj
         Win32\Debug\SDL_rotate.obj
         Win32\Debug\SDL.obj
         Win32\Debug\SDL_assert.obj
         Win32\Debug\SDL_dataqueue.obj
         Win32\Debug\SDL_error.obj
         Win32\Debug\SDL_hints.obj
         Win32\Debug\SDL_log.obj
         Win32\Debug\SDL_dummysensor.obj
         Win32\Debug\SDL_sensor.obj
         Win32\Debug\SDL_windowssensor.obj
         Win32\Debug\SDL_crc32.obj
         Win32\Debug\SDL_getenv.obj
         Win32\Debug\SDL_iconv.obj
         Win32\Debug\SDL_malloc.obj
         Win32\Debug\SDL_qsort.obj
         Win32\Debug\SDL_stdlib.obj
         Win32\Debug\SDL_string.obj
         Win32\Debug\SDL_strtokr.obj
         Win32\Debug\SDL_syscond.obj
         Win32\Debug\SDL_thread.obj
         Win32\Debug\SDL_sysmutex.obj
         Win32\Debug\SDL_syssem.obj
         Win32\Debug\SDL_systhread.obj
         Win32\Debug\SDL_systls.obj
         Win32\Debug\SDL_timer.obj
         Win32\Debug\SDL_systimer.obj
         Win32\Debug\SDL_nullevents.obj
         Win32\Debug\SDL_nullframebuffer.obj
         Win32\Debug\SDL_nullvideo.obj
         Win32\Debug\SDL_blit.obj
         Win32\Debug\SDL_blit_0.obj
         Win32\Debug\SDL_blit_1.obj
         Win32\Debug\SDL_blit_A.obj
         Win32\Debug\SDL_blit_auto.obj
         Win32\Debug\SDL_blit_copy.obj
         Win32\Debug\SDL_blit_N.obj
         Win32\Debug\SDL_blit_slow.obj
         Win32\Debug\SDL_bmp.obj
         Win32\Debug\SDL_clipboard.obj
         Win32\Debug\SDL_egl.obj
         Win32\Debug\SDL_fillrect.obj
         Win32\Debug\SDL_pixels.obj
         Win32\Debug\SDL_rect.obj
         Win32\Debug\SDL_RLEaccel.obj
         Win32\Debug\SDL_shape.obj
         Win32\Debug\SDL_stretch.obj
         Win32\Debug\SDL_surface.obj
         Win32\Debug\SDL_video.obj
         Win32\Debug\SDL_vulkan_utils.obj
         Win32\Debug\SDL_yuv.obj
         Win32\Debug\SDL_windowsclipboard.obj
         Win32\Debug\SDL_windowsevents.obj
         Win32\Debug\SDL_windowsframebuffer.obj
         Win32\Debug\SDL_windowskeyboard.obj
         Win32\Debug\SDL_windowsmessagebox.obj
         Win32\Debug\SDL_windowsmodes.obj
         Win32\Debug\SDL_windowsmouse.obj
         Win32\Debug\SDL_windowsopengl.obj
         Win32\Debug\SDL_windowsopengles.obj
         Win32\Debug\SDL_windowsshape.obj
         Win32\Debug\SDL_windowsvideo.obj
         Win32\Debug\SDL_windowsvulkan.obj
         Win32\Debug\SDL_windowswindow.obj
         Win32\Debug\yuv_rgb.obj
            Creating library C:\bitbucket_clone\templateproject\windows\libs\SDL2-2.0.14\VisualC\Win32\Debug\SDL2.lib and object C:\bitbucket_clone\templateproject\windows\libs\SDL2-2.0.14\VisualC\Win32\Debug\SDL2.exp
         SDL.vcxproj -> C:\bitbucket_clone\templateproject\windows\libs\SDL2-2.0.14\VisualC\Win32\Debug\SDL2.dll
     1>Done Building Project "C:\bitbucket_clone\templateproject\windows\libs\SDL2-2.0.14\VisualC\SDL\SDL.vcxproj" (Rebuild target(s)).

Build succeeded.

Time Elapsed 00:00:42.93
