Build started 07/08/2022 0:54:48.
     1>Project "C:\bitbucket_clone\templateproject\windows\libs\libpng-1.6.37\projects\vstudio\libpng\libpng.vcxproj" on node 2 (Rebuild target(s)).
     1>ClCompile:
         C:\Program Files (x86)\Microsoft Visual Studio 11.0\VC\bin\CL.exe /c /I..\zlib /Zi /nologo /Wall /WX /Od /Oi /Oy- /GL /D WIN32 /D _DEBUG /D _WINDOWS /D _USRDLL /D _WINDLL /D _MBCS /GF /Gm- /EHsc /RTC1 /MDd /GS /Gy /fp:precise /fp:except- /Zc:wchar_t- /Zc:forScope /Yc"pngpriv.h" /Fp"Debug\libpng16.pch" /Fo"Debug\\" /Fd"Debug\vc110.pdb" /FR"Debug\\" /Gd /TC /wd4255 /wd4668 /wd4710 /wd4711 /wd4746 /wd4820 /wd4996 /analyze- /errorReport:prompt ..\..\..\png.c
         png.c
         C:\Program Files (x86)\Microsoft Visual Studio 11.0\VC\bin\CL.exe /c /I..\zlib /Zi /nologo /Wall /WX /Od /Oi /Oy- /GL /D WIN32 /D _DEBUG /D _WINDOWS /D _USRDLL /D _WINDLL /D _MBCS /GF /Gm- /EHsc /RTC1 /MDd /GS /Gy /fp:precise /fp:except- /Zc:wchar_t- /Zc:forScope /Yu"pngpriv.h" /Fp"Debug\libpng16.pch" /Fo"Debug\\" /Fd"Debug\vc110.pdb" /FR"Debug\\" /Gd /TC /wd4255 /wd4668 /wd4710 /wd4711 /wd4746 /wd4820 /wd4996 /analyze- /errorReport:prompt ..\..\..\pngerror.c ..\..\..\pngget.c ..\..\..\pngmem.c ..\..\..\pngpread.c ..\..\..\pngread.c ..\..\..\pngrio.c ..\..\..\pngrtran.c ..\..\..\pngrutil.c ..\..\..\pngset.c ..\..\..\pngtrans.c ..\..\..\pngwio.c ..\..\..\pngwrite.c ..\..\..\pngwtran.c ..\..\..\pngwutil.c
         pngerror.c
         pngget.c
         pngmem.c
         pngpread.c
         pngread.c
         pngrio.c
         pngrtran.c
         pngrutil.c
         pngset.c
         pngtrans.c
         pngwio.c
         pngwrite.c
         pngwtran.c
         pngwutil.c
       ResourceCompile:
         C:\Program Files (x86)\Windows Kits\8.0\bin\x86\rc.exe /l"0x0409" /nologo /fo"Debug\pngwin.res" ..\..\..\scripts\pngwin.rc 
       Link:
         C:\Program Files (x86)\Microsoft Visual Studio 11.0\VC\bin\link.exe /ERRORREPORT:PROMPT /OUT:"C:\bitbucket_clone\templateproject\windows\libs\libpng-1.6.37\projects\vstudio\Debug\libpng16.dll" /VERSION:"16" /INCREMENTAL:NO /NOLOGO /LIBPATH:"C:\bitbucket_clone\templateproject\windows\libs\libpng-1.6.37\projects\vstudio\Debug\\" zlib.lib /MANIFEST /MANIFESTUAC:"level='asInvoker' uiAccess='false'" /manifest:embed /DEBUG /PDB:"C:\bitbucket_clone\templateproject\windows\libs\libpng-1.6.37\projects\vstudio\Debug\libpng16.pdb" /SUBSYSTEM:WINDOWS /LTCG /TLBID:1 /DYNAMICBASE /NXCOMPAT /IMPLIB:"C:\bitbucket_clone\templateproject\windows\libs\libpng-1.6.37\projects\vstudio\Debug\libpng16.lib" /MACHINE:X86 /SAFESEH /DLL Debug\pngwin.res
         Debug\png.obj
         Debug\pngerror.obj
         Debug\pngget.obj
         Debug\pngmem.obj
         Debug\pngpread.obj
         Debug\pngread.obj
         Debug\pngrio.obj
         Debug\pngrtran.obj
         Debug\pngrutil.obj
         Debug\pngset.obj
         Debug\pngtrans.obj
         Debug\pngwio.obj
         Debug\pngwrite.obj
         Debug\pngwtran.obj
         Debug\pngwutil.obj
            Creating library C:\bitbucket_clone\templateproject\windows\libs\libpng-1.6.37\projects\vstudio\Debug\libpng16.lib and object C:\bitbucket_clone\templateproject\windows\libs\libpng-1.6.37\projects\vstudio\Debug\libpng16.exp
         Generating code
         Finished generating code
         libpng.vcxproj -> C:\bitbucket_clone\templateproject\windows\libs\libpng-1.6.37\projects\vstudio\Debug\libpng16.dll
       BscMake:
         C:\Program Files (x86)\Microsoft Visual Studio 11.0\VC\bin\bscmake.exe /nologo /o"C:\bitbucket_clone\templateproject\windows\libs\libpng-1.6.37\projects\vstudio\Debug\libpng16.bsc" Debug\png.sbr Debug\pngerror.sbr Debug\pngget.sbr Debug\pngmem.sbr Debug\pngpread.sbr Debug\pngread.sbr Debug\pngrio.sbr Debug\pngrtran.sbr Debug\pngrutil.sbr Debug\pngset.sbr Debug\pngtrans.sbr Debug\pngwio.sbr Debug\pngwrite.sbr Debug\pngwtran.sbr Debug\pngwutil.sbr
     1>Done Building Project "C:\bitbucket_clone\templateproject\windows\libs\libpng-1.6.37\projects\vstudio\libpng\libpng.vcxproj" (Rebuild target(s)).

Build succeeded.

Time Elapsed 00:00:07.80
